starting test with SKIP_BUILD="" and DO_VALIDATE=""
Running test with user madhav
Executing assignment test script
starting test with SKIP_BUILD  and DO_VALIDATE 
~/assignment-6 ~/assignment-6/assignment-autotest/test/assignment6-yocto
Private key is not set, attempts to clone may fail
Or CI environment may have setup SSH authentication already...
Running as:
madhav
Added known host github.com:
Running build.sh
Synchronizing submodule url for 'assignment-autotest'
Synchronizing submodule url for 'poky'

### Shell environment set up for builds. ###

You can now run 'bitbake <target>'

Common targets are:
    core-image-minimal
    core-image-full-cmdline
    core-image-sato
    core-image-weston
    meta-toolchain
    meta-ide-support

You can also run generated qemu images with a command like 'runqemu qemux86'

Other commonly useful commands are:
 - 'devtool' and 'recipetool' handle common recipe tasks
 - 'bitbake-layers' handles common layer tasks
 - 'oe-pkgdata-util' handles common target package tasks
MACHINE = "qemuarm64" already exists in the local.conf file
meta-aesd layer already exists
Loading cache...done.
Loaded 1646 entries from dependency cache.
NOTE: Resolving any missing task queue dependencies

Build Configuration:
BB_VERSION           = "2.0.0"
BUILD_SYS            = "x86_64-linux"
NATIVELSBSTRING      = "universal"
TARGET_SYS           = "aarch64-poky-linux"
MACHINE              = "qemuarm64"
DISTRO               = "poky"
DISTRO_VERSION       = "4.0.33"
TUNE_FEATURES        = "aarch64 armv8a crc cortexa57"
TARGET_FPU           = ""
meta                 
meta-poky            
meta-yocto-bsp       = "kirkstone:58f9b898daef8272184b1be176a18428f9f9d9b3"
meta-aesd            = "master:b92c9ee39292c6d21fd81b7b9a8ea52015b00b84"

Initialising tasks...WARNING: /home/madhav/assignment-6/poky/meta/recipes-kernel/linux/linux-yocto_5.15.bb:do_fetch is tainted from a forced run
WARNING: /home/madhav/assignment-6/poky/meta/recipes-core/glibc/cross-localedef-native_2.35.bb:do_fetch is tainted from a forced run
done.
Sstate summary: Wanted 0 Local 0 Mirrors 0 Missed 0 Current 1572 (0% match, 100% complete)
NOTE: Executing Tasks
NOTE: Tasks Summary: Attempted 3958 tasks of which 3958 didn't need to be rerun and all succeeded.

Summary: There were 2 WARNING messages.
~/assignment-6/assignment-autotest/test/assignment6-yocto
Starting validation step
~/assignment-6 ~/assignment-6/assignment-autotest/test/assignment6-yocto
Executing runqemu.sh in background
# Host [localhost]:10022 found: line 43
/home/madhav/.ssh/known_hosts updated.
Original contents retained as /home/madhav/.ssh/known_hosts.old
Waiting for qemu to startup

### Shell environment set up for builds. ###

You can now run 'bitbake <target>'

Common targets are:
    core-image-minimal
    core-image-full-cmdline
    core-image-sato
    core-image-weston
    meta-toolchain
    meta-ide-support

You can also run generated qemu images with a command like 'runqemu qemux86'

Other commonly useful commands are:
 - 'devtool' and 'recipetool' handle common recipe tasks
 - 'bitbake-layers' handles common layer tasks
 - 'oe-pkgdata-util' handles common target package tasks
[    0.000000] Booting Linux on physical CPU 0x0000000000 [0x411fd070]
[    0.000000] Linux version 5.15.194-yocto-standard (oe-user@oe-host) (aarch64-poky-linux-gcc (GCC) 11.5.0, GNU ld (GNU Binutils) 2.38.20220708) #1 SMP PREEMPT Mon Oct 6 17:19:34 UTC 2025
[    0.000000] Machine model: linux,dummy-virt
[    0.000000] Memory limited to 256MB
[    0.000000] efi: UEFI not found.
[    0.000000] Zone ranges:
[    0.000000]   DMA      [mem 0x0000000040000000-0x000000004fffffff]
[    0.000000]   DMA32    empty
[    0.000000]   Normal   empty
[    0.000000] Movable zone start for each node
[    0.000000] Early memory node ranges
[    0.000000]   node   0: [mem 0x0000000040000000-0x000000004fffffff]
[    0.000000] Initmem setup node 0 [mem 0x0000000040000000-0x000000004fffffff]
[    0.000000] psci: probing for conduit method from DT.
[    0.000000] psci: PSCIv0.2 detected in firmware.
[    0.000000] psci: Using standard PSCI v0.2 function IDs
[    0.000000] psci: Trusted OS migration not required
[    0.000000] percpu: Embedded 27 pages/cpu s70232 r8192 d32168 u110592
[    0.000000] Detected PIPT I-cache on CPU0
[    0.000000] CPU features: detected: Spectre-v2
[    0.000000] CPU features: detected: Spectre-v4
[    0.000000] CPU features: detected: Spectre-BHB
[    0.000000] CPU features: detected: ARM erratum 1742098
[    0.000000] CPU features: detected: ARM erratum 832075
[    0.000000] CPU features: detected: ARM errata 1165522, 1319367, or 1530923
[    0.000000] Built 1 zonelists, mobility grouping on.  Total pages: 64512
[    0.000000] Kernel command line: root=/dev/vda rw  mem=256M ip=dhcp console=ttyAMA0 console=hvc0  
[    0.000000] Dentry cache hash table entries: 32768 (order: 6, 262144 bytes, linear)
[    0.000000] Inode-cache hash table entries: 16384 (order: 5, 131072 bytes, linear)
[    0.000000] mem auto-init: stack:off, heap alloc:off, heap free:off
[    0.000000] Memory: 232732K/262144K available (11840K kernel code, 1858K rwdata, 2720K rodata, 3648K init, 681K bss, 29412K reserved, 0K cma-reserved)
[    0.000000] SLUB: HWalign=64, Order=0-3, MinObjects=0, CPUs=4, Nodes=1
[    0.000000] ftrace: allocating 36111 entries in 142 pages
[    0.000000] ftrace: allocated 142 pages with 4 groups
[    0.000000] trace event string verifier disabled
[    0.000000] rcu: Preemptible hierarchical RCU implementation.
[    0.000000] rcu: 	RCU restricting CPUs from NR_CPUS=256 to nr_cpu_ids=4.
[    0.000000] 	Trampoline variant of Tasks RCU enabled.
[    0.000000] 	Rude variant of Tasks RCU enabled.
[    0.000000] 	Tracing variant of Tasks RCU enabled.
[    0.000000] rcu: RCU calculated value of scheduler-enlistment delay is 25 jiffies.
[    0.000000] rcu: Adjusting geometry for rcu_fanout_leaf=16, nr_cpu_ids=4
[    0.000000] NR_IRQS: 64, nr_irqs: 64, preallocated irqs: 0
[    0.000000] Root IRQ handler: gic_handle_irq
[    0.000000] GICv2m: range[mem 0x08020000-0x08020fff], SPI[80:143]
[    0.000000] kfence: initialized - using 2097152 bytes for 255 objects at 0x(____ptrval____)-0x(____ptrval____)
[    0.000000] arch_timer: cp15 timer(s) running at 62.50MHz (virt).
[    0.000000] clocksource: arch_sys_counter: mask: 0xffffffffffffff max_cycles: 0x1cd42e208c, max_idle_ns: 881590405314 ns
[    0.000086] sched_clock: 56 bits at 62MHz, resolution 16ns, wraps every 4398046511096ns
[    0.012180] Console: colour dummy device 80x25
[    0.014880] Calibrating delay loop (skipped), value calculated using timer frequency.. 125.00 BogoMIPS (lpj=250000)
[    0.015112] pid_max: default: 32768 minimum: 301
[    0.016143] LSM: Security Framework initializing
[    0.017561] landlock: Up and running.
[    0.019850] Mount-cache hash table entries: 512 (order: 0, 4096 bytes, linear)
[    0.019908] Mountpoint-cache hash table entries: 512 (order: 0, 4096 bytes, linear)
[    0.057086] /cpus/cpu-map: empty cluster
[    0.071129] rcu: Hierarchical SRCU implementation.
[    0.074658] EFI services will not be available.
[    0.075930] smp: Bringing up secondary CPUs ...
[    0.084423] Detected PIPT I-cache on CPU1
[    0.085655] CPU1: Booted secondary processor 0x0000000001 [0x411fd070]
[    0.093560] Detected PIPT I-cache on CPU2
[    0.093775] CPU2: Booted secondary processor 0x0000000002 [0x411fd070]
[    0.102970] Detected PIPT I-cache on CPU3
[    0.103198] CPU3: Booted secondary processor 0x0000000003 [0x411fd070]
[    0.104876] smp: Brought up 1 node, 4 CPUs
[    0.104955] SMP: Total of 4 processors activated.
[    0.105044] CPU features: detected: 32-bit EL0 Support
[    0.105139] CPU features: detected: CRC32 instructions
[    0.192044] CPU: All CPU(s) started at EL1
[    0.346511] alternatives: patching kernel code
[    0.388809] devtmpfs: initialized
[    0.405247] clocksource: jiffies: mask: 0xffffffff max_cycles: 0xffffffff, max_idle_ns: 7645041785100000 ns
[    0.405504] futex hash table entries: 1024 (order: 4, 65536 bytes, linear)
[    0.409767] DMI not present or invalid.
[    0.424463] NET: Registered PF_NETLINK/PF_ROUTE protocol family
[    0.437655] DMA: preallocated 128 KiB GFP_KERNEL pool for atomic allocations
[    0.438064] DMA: preallocated 128 KiB GFP_KERNEL|GFP_DMA pool for atomic allocations
[    0.438153] DMA: preallocated 128 KiB GFP_KERNEL|GFP_DMA32 pool for atomic allocations
[    0.442895] hw-breakpoint: found 6 breakpoint and 4 watchpoint registers.
[    0.450012] ASID allocator initialised with 65536 entries
[    0.450328] Serial: AMBA PL011 UART driver
[    0.485867] 9000000.pl011: ttyAMA0 at MMIO 0x9000000 (irq = 47, base_baud = 0) is a PL011 rev1
[    0.515629] printk: console [ttyAMA0] enabled
still waiting for qemu to startup... last attempt returned 255 with output 
ssh: connect to host localhost port 10022: Connection refused
[    0.937961] raid6: neonx8   gen()  2258 MB/s
[    1.045617] raid6: neonx8   xor()   979 MB/s
[    1.176389] raid6: neonx4   gen()  2356 MB/s
[    1.285272] raid6: neonx4   xor()   736 MB/s
[    1.640148] raid6: neonx2   gen()  5813 MB/s
[    1.765763] raid6: neonx2   xor()   991 MB/s
[    1.867804] raid6: neonx1   gen()   918 MB/s
[    1.983268] raid6: neonx1   xor()   661 MB/s
[    2.099100] raid6: int64x8  gen()  1225 MB/s
[    2.196830] raid6: int64x8  xor()   747 MB/s
[    2.291885] raid6: int64x4  gen()  1588 MB/s
[    2.405111] raid6: int64x4  xor()  1186 MB/s
[    2.514135] raid6: int64x2  gen()  1424 MB/s
[    2.621198] raid6: int64x2  xor()   925 MB/s
[    2.719030] raid6: int64x1  gen()  1107 MB/s
[    2.909690] raid6: int64x1  xor()  1594 MB/s
[    2.910098] raid6: using algorithm neonx2 gen() 5813 MB/s
[    2.910276] raid6: .... xor() 991 MB/s, rmw enabled
[    2.910844] raid6: using neon recovery algorithm
[    2.912404] iommu: Default domain type: Translated 
[    2.912610] iommu: DMA domain TLB invalidation policy: strict mode 
[    2.913731] vgaarb: loaded
[    2.918161] SCSI subsystem initialized
[    2.920226] usbcore: registered new interface driver usbfs
[    2.921470] usbcore: registered new interface driver hub
[    2.921773] usbcore: registered new device driver usb
[    2.922323] pps_core: LinuxPPS API ver. 1 registered
[    2.922458] pps_core: Software ver. 5.3.6 - Copyright 2005-2007 Rodolfo Giometti <giometti@linux.it>
[    2.922733] PTP clock support registered
[    2.987805] clocksource: Switched to clocksource arch_sys_counter
[    3.286044] NET: Registered PF_INET protocol family
[    3.288042] IP idents hash table entries: 4096 (order: 3, 32768 bytes, linear)
[    3.301172] tcp_listen_portaddr_hash hash table entries: 256 (order: 0, 4096 bytes, linear)
[    3.306713] Table-perturb hash table entries: 65536 (order: 6, 262144 bytes, linear)
[    3.307325] TCP established hash table entries: 2048 (order: 2, 16384 bytes, linear)
[    3.307771] TCP bind hash table entries: 2048 (order: 3, 32768 bytes, linear)
[    3.308079] TCP: Hash tables configured (established 2048 bind 2048)
[    3.309617] UDP hash table entries: 256 (order: 1, 8192 bytes, linear)
[    3.309994] UDP-Lite hash table entries: 256 (order: 1, 8192 bytes, linear)
[    3.311913] NET: Registered PF_UNIX/PF_LOCAL protocol family
[    3.332599] RPC: Registered named UNIX socket transport module.
[    3.337032] RPC: Registered udp transport module.
[    3.337191] RPC: Registered tcp transport module.
[    3.337307] RPC: Registered tcp NFSv4.1 backchannel transport module.
[    3.337645] PCI: CLS 0 bytes, default 64
[    3.400755] hw perfevents: enabled with armv8_pmuv3 PMU driver, 5 counters available
[    3.859964] workingset: timestamp_bits=46 max_order=16 bucket_order=0
[    3.878701] NFS: Registering the id_resolver key type
[    3.879984] Key type id_resolver registered
[    3.880136] Key type id_legacy registered
[    3.895550] Key type cifs.idmap registered
[    3.952323] xor: measuring software checksum speed
[    3.959771]    8regs           :   965 MB/sec
[    3.964489]    32regs          :  1203 MB/sec
[    3.968274]    arm64_neon      :   948 MB/sec
[    3.970926] xor: using function: 32regs (1203 MB/sec)
[    3.972172] Block layer SCSI generic (bsg) driver version 0.4 loaded (major 250)
[    3.975293] io scheduler mq-deadline registered
[    3.975907] io scheduler kyber registered
[    3.980574] pci-host-generic 4010000000.pcie: host bridge /pcie@10000000 ranges:
[    3.987618] pci-host-generic 4010000000.pcie:       IO 0x003eff0000..0x003effffff -> 0x0000000000
[    3.991932] pci-host-generic 4010000000.pcie:      MEM 0x0010000000..0x003efeffff -> 0x0010000000
[    3.992269] pci-host-generic 4010000000.pcie:      MEM 0x8000000000..0xffffffffff -> 0x8000000000
[    3.993037] pci-host-generic 4010000000.pcie: Memory resource size exceeds max for 32 bits
[    3.995335] pci-host-generic 4010000000.pcie: ECAM at [mem 0x4010000000-0x401fffffff] for [bus 00-ff]
[    4.000977] pci-host-generic 4010000000.pcie: PCI host bridge to bus 0000:00
[    4.003381] pci_bus 0000:00: root bus resource [bus 00-ff]
[    4.003615] pci_bus 0000:00: root bus resource [io  0x0000-0xffff]
[    4.003822] pci_bus 0000:00: root bus resource [mem 0x10000000-0x3efeffff]
[    4.003980] pci_bus 0000:00: root bus resource [mem 0x8000000000-0xffffffffff]
[    4.007023] pci 0000:00:00.0: [1b36:0008] type 00 class 0x060000
[    4.020235] pci 0000:00:01.0: [1af4:1000] type 00 class 0x020000
[    4.022032] pci 0000:00:01.0: reg 0x10: [io  0x0000-0x001f]
[    4.022764] pci 0000:00:01.0: reg 0x14: [mem 0x00000000-0x00000fff]
[    4.023000] pci 0000:00:01.0: reg 0x20: [mem 0x00000000-0x00003fff 64bit pref]
[    4.023268] pci 0000:00:01.0: reg 0x30: [mem 0x00000000-0x0003ffff pref]
[    4.023955] pci 0000:00:02.0: [1af4:1005] type 00 class 0x00ff00
[    4.024136] pci 0000:00:02.0: reg 0x10: [io  0x0000-0x001f]
[    4.024284] pci 0000:00:02.0: reg 0x20: [mem 0x00000000-0x00003fff 64bit pref]
[    4.026143] pci 0000:00:03.0: [1af4:1001] type 00 class 0x010000
[    4.026510] pci 0000:00:03.0: reg 0x10: [io  0x0000-0x007f]
[    4.027131] pci 0000:00:03.0: reg 0x14: [mem 0x00000000-0x00000fff]
[    4.027353] pci 0000:00:03.0: reg 0x20: [mem 0x00000000-0x00003fff 64bit pref]
[    4.028214] pci 0000:00:04.0: [1b36:000d] type 00 class 0x0c0330
[    4.028398] pci 0000:00:04.0: reg 0x10: [mem 0x00000000-0x00003fff 64bit]
[    4.030348] pci 0000:00:05.0: [1af4:1050] type 00 class 0x038000
[    4.030790] pci 0000:00:05.0: reg 0x14: [mem 0x00000000-0x00000fff]
[    4.030963] pci 0000:00:05.0: reg 0x20: [mem 0x00000000-0x00003fff 64bit pref]
[    4.039253] pci 0000:00:01.0: BAR 6: assigned [mem 0x10000000-0x1003ffff pref]
[    4.042254] pci 0000:00:01.0: BAR 4: assigned [mem 0x8000000000-0x8000003fff 64bit pref]
[    4.043158] pci 0000:00:02.0: BAR 4: assigned [mem 0x8000004000-0x8000007fff 64bit pref]
[    4.043415] pci 0000:00:03.0: BAR 4: assigned [mem 0x8000008000-0x800000bfff 64bit pref]
[    4.043691] pci 0000:00:04.0: BAR 0: assigned [mem 0x800000c000-0x800000ffff 64bit]
[    4.043882] pci 0000:00:05.0: BAR 4: assigned [mem 0x8000010000-0x8000013fff 64bit pref]
[    4.044109] pci 0000:00:01.0: BAR 1: assigned [mem 0x10040000-0x10040fff]
[    4.044280] pci 0000:00:03.0: BAR 1: assigned [mem 0x10041000-0x10041fff]
[    4.044437] pci 0000:00:05.0: BAR 1: assigned [mem 0x10042000-0x10042fff]
[    4.044615] pci 0000:00:03.0: BAR 0: assigned [io  0x1000-0x107f]
[    4.044774] pci 0000:00:01.0: BAR 0: assigned [io  0x1080-0x109f]
[    4.044919] pci 0000:00:02.0: BAR 0: assigned [io  0x10a0-0x10bf]
[    4.048240] pci 0000:00:04.0: enabling device (0000 -> 0002)
[    4.064556] virtio-pci 0000:00:01.0: enabling device (0000 -> 0003)
[    4.075020] virtio-pci 0000:00:02.0: enabling device (0000 -> 0003)
[    4.081494] virtio-pci 0000:00:03.0: enabling device (0000 -> 0003)
[    4.090167] virtio-pci 0000:00:05.0: enabling device (0000 -> 0002)
[    4.140051] random: crng init done
[    4.145317] [drm] pci: virtio-gpu-pci detected at 0000:00:05.0
[    4.148596] [drm] features: -virgl +edid -resource_blob -host_visible
[    4.155976] [drm] number of scanouts: 1
[    4.156313] [drm] number of cap sets: 0
[    4.172048] [drm] Initialized virtio_gpu 0.1.0 0 for virtio3 on minor 0
[    4.242096] virtio_gpu virtio3: [drm] drm_plane_enable_fb_damage_clips() not called
[    4.272424] Console: switching to colour frame buffer device 128x48
[    4.329929] virtio_gpu virtio3: [drm] fb0: virtio_gpudrmfb frame buffer device
[    4.337817] cacheinfo: Unable to detect cache hierarchy for CPU 0
[    4.497536] brd: module loaded
[    4.511092] virtio_blk virtio2: [vda] 175980 512-byte logical blocks (90.1 MB/85.9 MiB)
[    4.563924] xhci_hcd 0000:00:04.0: xHCI Host Controller
[    4.565604] xhci_hcd 0000:00:04.0: new USB bus registered, assigned bus number 1
[    4.573251] xhci_hcd 0000:00:04.0: hcc params 0x00087001 hci version 0x100 quirks 0x0000000000000010
[    4.579645] xhci_hcd 0000:00:04.0: xHCI Host Controller
[    4.579929] xhci_hcd 0000:00:04.0: new USB bus registered, assigned bus number 2
[    4.580227] xhci_hcd 0000:00:04.0: Host supports USB 3.0 SuperSpeed
[    4.596192] hub 1-0:1.0: USB hub found
[    4.599148] hub 1-0:1.0: 4 ports detected
[    4.610841] usb usb2: We don't know the algorithms for LPM for this host, disabling LPM.
[    4.613730] hub 2-0:1.0: USB hub found
[    4.614811] hub 2-0:1.0: 4 ports detected
[    4.630905] rtc-pl031 9010000.pl031: registered as rtc0
[    4.631810] rtc-pl031 9010000.pl031: setting system clock to 2026-02-25T03:27:50 UTC (1771990070)
[    4.640257] device-mapper: ioctl: 4.45.0-ioctl (2021-03-22) initialised: dm-devel@redhat.com
[    4.650932] usbcore: registered new interface driver usbhid
[    4.651140] usbhid: USB HID core driver
[    4.652530] u32 classifier
[    4.654522]     input device check on
[    4.655330]     Actions configured
[    4.658477] NET: Registered PF_INET6 protocol family
[    4.681426] Segment Routing with IPv6
[    4.685741] In-situ OAM (IOAM) with IPv6
[    4.691670] sit: IPv6, IPv4 and MPLS over IPv4 tunneling driver
[    4.696559] NET: Registered PF_PACKET protocol family
[    4.699674] Bridge firewalling registered
[    4.703373] Key type dns_resolver registered
[    4.706913] NET: Registered PF_VSOCK protocol family
[    4.712439] Key type .fscrypt registered
[    4.715228] Key type fscrypt-provisioning registered
[    4.722756] Btrfs loaded, crc32c=crc32c-generic, zoned=no, fsverity=no
[    4.794177] Key type encrypted registered
[    4.828808] printk: console [netcon0] enabled
[    4.829782] netconsole: network logging started
[    4.881491] usb 1-1: new high-speed USB device number 2 using xhci_hcd
[    4.960310] Sending DHCP requests ., OK
[    4.990096] IP-Config: Got DHCP answer from 10.0.2.2, my address is 10.0.2.15
[    4.991054] IP-Config: Complete:
[    4.991155]      device=eth0, hwaddr=52:54:00:12:35:02, ipaddr=10.0.2.15, mask=255.255.255.0, gw=10.0.2.2
[    4.991427]      host=10.0.2.15, domain=, nis-domain=(none)
[    4.991558]      bootserver=10.0.2.2, rootserver=10.0.2.2, rootpath=
[    4.991594]      nameserver0=10.0.2.3
[    4.999638] clk: Disabling unused clocks
[    5.012853] md: Waiting for all devices to be available before autodetect
[    5.018528] md: If you don't use raid, use raid=noautodetect
[    5.018735] md: Autodetecting RAID arrays.
[    5.018869] md: autorun ...
[    5.018950] md: ... autorun DONE.
[    5.096538] input: QEMU QEMU USB Tablet as /devices/platform/4010000000.pcie/pci0000:00/0000:00:04.0/usb1/1-1/1-1:1.0/0003:0627:0001.0001/input/input0
[    5.098258] hid-generic 0003:0627:0001.0001: input: USB HID v0.01 Mouse [QEMU QEMU USB Tablet] on usb-0000:00:04.0-1/input0
[    5.207736] EXT4-fs (vda): recovery complete
[    5.219896] EXT4-fs (vda): mounted filesystem with ordered data mode. Opts: (null). Quota mode: disabled.
[    5.220855] VFS: Mounted root (ext4 filesystem) on device 253:0.
[    5.231382] usb 1-2: new high-speed USB device number 3 using xhci_hcd
[    5.235328] devtmpfs: mounted
[    5.314065] Freeing unused kernel memory: 3648K
[    5.315555] Run /sbin/init as init process
[    5.404158] input: QEMU QEMU USB Keyboard as /devices/platform/4010000000.pcie/pci0000:00/0000:00:04.0/usb1/1-2/1-2:1.0/0003:0627:0001.0002/input/input1
[    5.465910] hid-generic 0003:0627:0001.0002: input: USB HID v1.11 Keyboard [QEMU QEMU USB Keyboard] on usb-0000:00:04.0-2/input0
INIT: version 3.01 booting
Starting udev
[    8.349132] udevd[133]: starting version 3.2.10
[    8.582688] udevd[134]: starting eudev-3.2.10
[   10.179661] EXT4-fs (vda): re-mounted. Opts: (null). Quota mode: disabled.
still waiting for qemu to startup... last attempt returned 255 with output 
kex_exchange_identification: read: Connection reset by peer
Connection reset by 127.0.0.1 port 10022
ALSA: Restoring mixer settings...
INIT: Entering runlevel: 5
Configuring network interfaces... ip: RTNETLINK answers: File exists
still waiting for qemu to startup... last attempt returned 255 with output 
kex_exchange_identification: read: Connection reset by peer
Connection reset by 127.0.0.1 port 10022
Starting system message bus: dbus.
Starting OpenBSD Secure Shell server: sshd
done.
Starting rpcbind daemon...done.
Starting bluetooth: bluetoothd.
Starting syslogd/klogd: done
 * Starting Avahi mDNS/DNS-SD Daemon: avahi-daemon
   ...done.
Starting aesdsocket...
still waiting for qemu to startup... last attempt returned 255 with output 
kex_exchange_identification: read: Connection reset by peer
Connection reset by 127.0.0.1 port 10022

Poky (Yocto Project Reference Distro) 4.0.33 qemuarm64 /dev/ttyAMA0

qemuarm64 login: SSH login successful, waiting 40 additional seconds for process startup
[   61.043215] hrtimer: interrupt took 21847920 ns
~/assignment-6/assignment-autotest/test/assignment6-yocto ~/assignment-6 ~/assignment-6/assignment-autotest/test/assignment6-yocto
Testing target localhost on port 9000
sending string abcdefg
sending string hijklmnop
sending string 1234567890
sending string 9876543210

Spawning three processes to ensure multithreaded writes work as expected
Process 1 writes One best book is equal to a hundred good friends, but one good friend is equal to a library
Process 2 writes If you want to shine like a sun, first burn like a sun
Process 3 writes Never stop fighting until you arrive at your destined place - that is, the unique you
Sending string If you want to shine like a sun, first burn like a sun from process 1: instance 1
Waiting for sends to compete on all processes
Sending string If you want to shine like a sun, first burn like a sun from process 2: instance 1
Sending string Never stop fighting until you arrive at your destined place - that is, the unique you from process 3: instance 1
Sending string If you want to shine like a sun, first burn like a sun from process 1: instance 2
Sending string If you want to shine like a sun, first burn like a sun from process 2: instance 2
Sending string Never stop fighting until you arrive at your destined place - that is, the unique you from process 3: instance 2
Sending string Never stop fighting until you arrive at your destined place - that is, the unique you from process 3: instance 3
Sending string If you want to shine like a sun, first burn like a sun from process 2: instance 3
Sending string If you want to shine like a sun, first burn like a sun from process 1: instance 3
Process 1 complete
Process 3 complete
Process 2 complete
multithreaded test complete with success

Testing the timer functionality
No of timestamps currently in server file: 4
No of timestamps expected after a delay of 21 seconds is 6
No of timestamps found in file: 7
Congrats! Tests completed with success
~/assignment-6 ~/assignment-6/assignment-autotest/test/assignment6-yocto
Killing qemu
~/assignment-6/assignment-autotest/test/assignment6-yocto
Test of assignment assignment6-yocto complete with success
[?7h